../Core/Src/main.c:148:5:_write	24	static
../Core/Src/main.c:159:6:HAL_UART_RxCpltCallback	24	static
../Core/Src/main.c:191:5:main	8	static
../Core/Src/main.c:280:6:SystemClock_Config	88	static
../Core/Src/main.c:327:13:MX_USART1_UART_Init	8	static
../Core/Src/main.c:360:13:MX_USART2_UART_Init	8	static
../Core/Src/main.c:393:13:MX_USART3_UART_Init	8	static
../Core/Src/main.c:426:13:MX_GPIO_Init	40	static
../Core/Src/main.c:459:6:Test_Messages	16	static
../Core/Src/main.c:475:6:USB_Send	136	static
../Core/Src/main.c:527:6:StartDefaultTask	16	static
../Core/Src/main.c:550:6:HAL_TIM_PeriodElapsedCallback	16	static
../Core/Src/main.c:567:6:Error_Handler	4	static,ignoring_inline_asm
